** Drc report for moto-gps-rev-a-routed-6.kicad_pcb **
** Created on 2026-09-03T12:03:14 **
** Report includes: Errors, Warnings, Exclusions **

** Found 14 DRC violations **
[tracks_crossing]: Tracks crossing
    Rule: MOTO GPS minimum track and spacing; error
    @(109.3068 mm, 121.2292 mm): 走线 [USB_CC1] (In2.Cu), 长度: 8.7454 mm
    @(107.6500 mm, 123.4100 mm): 走线 [USB_VBUS] (In2.Cu), 长度: 2.8100 mm
[silk_edge_clearance]: Silkscreen clipped by board edge
    Rule: <电路板配置> 中的 "丝印" 约束; warning
    @(95.4851 mm, 125.6050 mm): Edge.Cuts 上的 线段
    @(95.4200 mm, 125.7850 mm): J1 的 线段, 位于 F.Silkscreen
[silk_edge_clearance]: Silkscreen clipped by board edge
    Rule: <电路板配置> 中的 "丝印" 约束; warning
    @(104.9610 mm, 125.5223 mm): Edge.Cuts 上的 线段
    @(104.5800 mm, 124.0800 mm): J1 的 线段, 位于 F.Silkscreen
[silk_edge_clearance]: Silkscreen clipped by board edge
    Rule: <电路板配置> 中的 "丝印" 约束; warning
    @(96.3815 mm, 125.7470 mm): Edge.Cuts 上的 线段
    @(104.5800 mm, 125.7850 mm): J1 的 线段, 位于 F.Silkscreen
[silk_edge_clearance]: Silkscreen clipped by board edge
    Rule: <电路板配置> 中的 "丝印" 约束; warning
    @(81.5191 mm, 116.6403 mm): Edge.Cuts 上的 线段
    @(81.3900 mm, 118.7150 mm): J2 的 线段, 位于 F.Silkscreen
[silk_edge_clearance]: Silkscreen clipped by board edge
    Rule: <电路板配置> 中的 "丝印" 约束; warning
    @(84.3528 mm, 120.7645 mm): Edge.Cuts 上的 线段
    @(82.5600 mm, 120.6850 mm): J2 的 线段, 位于 F.Silkscreen
[silk_overlap]: Silkscreen clearance
    Rule: <电路板配置> 中的 "丝印" 约束; warning
    @(113.5500 mm, 82.9900 mm): U9 的 多边形, 位于 F.Silkscreen
    @(113.7600 mm, 82.6850 mm): U8 的 线段, 位于 F.Silkscreen
[silk_over_copper]: Silkscreen clipped by solder mask
    Local override; warning
    @(86.5000 mm, 85.0000 mm): F.Silkscreen 上的 PCB 文本 'MOTO GPS REV A EVT'
    @(81.7000 mm, 84.7800 mm): F.Cu 上 SW2 的焊盘 1 [MCU_EN]
[silk_over_copper]: Silkscreen clipped by solder mask
    Local override; warning
    @(86.5000 mm, 85.0000 mm): F.Silkscreen 上的 PCB 文本 'MOTO GPS REV A EVT'
    @(83.5000 mm, 84.6000 mm): SW2 的 NPTH 焊盘
[silk_over_copper]: Silkscreen clipped by solder mask
    Local override; warning
    @(86.5000 mm, 85.0000 mm): F.Silkscreen 上的 PCB 文本 'MOTO GPS REV A EVT'
    @(85.3000 mm, 84.7800 mm): F.Cu 上 SW2 的焊盘 1 [MCU_EN]
[silk_over_copper]: Silkscreen clipped by solder mask
    Local override; warning
    @(104.6000 mm, 115.8000 mm): U11 的 线段, 位于 F.Silkscreen
    @(105.2000 mm, 115.9750 mm): F.Cu 上 U11 的焊盘 3 [USB_D_N_CONN]
[silk_over_copper]: Silkscreen clipped by solder mask
    Local override; warning
    @(104.6000 mm, 117.0000 mm): U11 的 线段, 位于 F.Silkscreen
    @(104.8500 mm, 116.8250 mm): F.Cu 上 U11 的焊盘 1 [USB_D_P_CONN]
[silk_over_copper]: Silkscreen clipped by solder mask
    Local override; warning
    @(104.6000 mm, 117.0000 mm): U11 的 线段, 位于 F.Silkscreen
    @(105.5500 mm, 116.8250 mm): F.Cu 上 U11 的焊盘 2 [GND]
[nonmirrored_text_on_back_layer]: Non-Mirrored text on back layer
    Local override; warning
    @(100.0000 mm, 116.2000 mm): B.Silkscreen 上的 PCB 文本 'ENGINEERING - NOT FOR FABRICATION'

** Found 0 unconnected pads **

** Found 0 Footprint errors **

** Ignored checks **
    - Footprint has no courtyard defined
    - Track endpoint not centered on via
    - Tuning profile track geometries
    - Footprint doesn't match symbol's footprint filters
    - Footprint component type doesn't match footprint pads

** End of Report **
